2024-09-10 11:31:53 - Neovide panicked with the message 'Trying to retrieve a settings object that doesn't exist: {:?}'. (File: src\settings\mod.rs; Line: 98, Column: 14)
   0: <unknown>
   1: <unknown>
   2: <unknown>
   3: <unknown>
   4: <unknown>
   5: <unknown>
   6: <unknown>
   7: <unknown>
   8: <unknown>
   9: <unknown>
  10: <unknown>
  11: <unknown>
  12: <unknown>
  13: <unknown>
  14: <unknown>
  15: <unknown>
  16: <unknown>
  17: <unknown>
  18: <unknown>
  19: <unknown>
  20: BaseThreadInitThunk
  21: RtlUserThreadStart

2024-09-10 11:32:07 - Neovide panicked with the message 'Trying to retrieve a settings object that doesn't exist: {:?}'. (File: src\settings\mod.rs; Line: 98, Column: 14)
   0: <unknown>
   1: <unknown>
   2: <unknown>
   3: <unknown>
   4: <unknown>
   5: <unknown>
   6: <unknown>
   7: <unknown>
   8: <unknown>
   9: <unknown>
  10: <unknown>
  11: <unknown>
  12: <unknown>
  13: <unknown>
  14: <unknown>
  15: <unknown>
  16: <unknown>
  17: <unknown>
  18: <unknown>
  19: <unknown>
  20: BaseThreadInitThunk
  21: RtlUserThreadStart

2024-09-10 11:32:35 - Neovide panicked with the message 'Trying to retrieve a settings object that doesn't exist: {:?}'. (File: src\settings\mod.rs; Line: 98, Column: 14)
   0: <unknown>
   1: <unknown>
   2: <unknown>
   3: <unknown>
   4: <unknown>
   5: <unknown>
   6: <unknown>
   7: <unknown>
   8: <unknown>
   9: <unknown>
  10: <unknown>
  11: <unknown>
  12: <unknown>
  13: <unknown>
  14: <unknown>
  15: <unknown>
  16: <unknown>
  17: <unknown>
  18: <unknown>
  19: <unknown>
  20: BaseThreadInitThunk
  21: RtlUserThreadStart

2024-09-10 11:35:51 - Neovide panicked with the message 'Trying to retrieve a settings object that doesn't exist: {:?}'. (File: src\settings\mod.rs; Line: 98, Column: 14)
   0: <unknown>
   1: <unknown>
   2: <unknown>
   3: <unknown>
   4: <unknown>
   5: <unknown>
   6: <unknown>
   7: <unknown>
   8: <unknown>
   9: <unknown>
  10: <unknown>
  11: <unknown>
  12: <unknown>
  13: <unknown>
  14: <unknown>
  15: <unknown>
  16: <unknown>
  17: <unknown>
  18: <unknown>
  19: <unknown>
  20: BaseThreadInitThunk
  21: RtlUserThreadStart

2024-09-10 11:35:55 - Neovide panicked with the message 'Trying to retrieve a settings object that doesn't exist: {:?}'. (File: src\settings\mod.rs; Line: 98, Column: 14)
   0: <unknown>
   1: <unknown>
   2: <unknown>
   3: <unknown>
   4: <unknown>
   5: <unknown>
   6: <unknown>
   7: <unknown>
   8: <unknown>
   9: <unknown>
  10: <unknown>
  11: <unknown>
  12: <unknown>
  13: <unknown>
  14: <unknown>
  15: <unknown>
  16: <unknown>
  17: <unknown>
  18: <unknown>
  19: <unknown>
  20: BaseThreadInitThunk
  21: RtlUserThreadStart

